---
source: crates/atm/tests/ui_snapshots.rs
expression: buf
---
Buffer {
    area: Rect { x: 0, y: 0, width: 45, height: 16 },
    content: [
        "┌ Sessions (3) ─────────────────────────────┐",
        "│>▼ project-alpha                           │",
        "│   ▸ main (1)                              │",
        "│   ▸ feat-x (1)                            │",
        "│ ▼ project-beta                            │",
        "│   -   10% beta0001 Sonne...               │",
        "│                                           │",
        "│                                           │",
        "│                                           │",
        "│                                           │",
        "│                                           │",
        "│                                           │",
        "│                                           │",
        "│                                           │",
        "│                                           │",
        "└───────────────────────────────────────────┘",
    ],
    styles: [
        x: 0, y: 0, fg: White, bg: Reset, underline: Reset, modifier: NONE,
        x: 1, y: 1, fg: Cyan, bg: Rgb(30, 30, 40), underline: Reset, modifier: BOLD,
        x: 2, y: 1, fg: Reset, bg: Rgb(30, 30, 40), underline: Reset, modifier: NONE,
        x: 4, y: 1, fg: White, bg: Rgb(30, 30, 40), underline: Reset, modifier: BOLD,
        x: 17, y: 1, fg: Reset, bg: Rgb(30, 30, 40), underline: Reset, modifier: NONE,
        x: 44, y: 1, fg: White, bg: Reset, underline: Reset, modifier: NONE,
        x: 1, y: 2, fg: Cyan, bg: Reset, underline: Reset, modifier: BOLD,
        x: 2, y: 2, fg: Reset, bg: Reset, underline: Reset, modifier: NONE,
        x: 6, y: 2, fg: White, bg: Reset, underline: Reset, modifier: BOLD,
        x: 10, y: 2, fg: DarkGray, bg: Reset, underline: Reset, modifier: NONE,
        x: 14, y: 2, fg: Reset, bg: Reset, underline: Reset, modifier: NONE,
        x: 44, y: 2, fg: White, bg: Reset, underline: Reset, modifier: NONE,
        x: 1, y: 3, fg: Cyan, bg: Reset, underline: Reset, modifier: BOLD,
        x: 2, y: 3, fg: Reset, bg: Reset, underline: Reset, modifier: NONE,
        x: 6, y: 3, fg: White, bg: Reset, underline: Reset, modifier: BOLD,
        x: 12, y: 3, fg: DarkGray, bg: Reset, underline: Reset, modifier: NONE,
        x: 16, y: 3, fg: Reset, bg: Reset, underline: Reset, modifier: NONE,
        x: 44, y: 3, fg: White, bg: Reset, underline: Reset, modifier: NONE,
        x: 1, y: 4, fg: Cyan, bg: Reset, underline: Reset, modifier: BOLD,
        x: 2, y: 4, fg: Reset, bg: Reset, underline: Reset, modifier: NONE,
        x: 4, y: 4, fg: White, bg: Reset, underline: Reset, modifier: BOLD,
        x: 16, y: 4, fg: Reset, bg: Reset, underline: Reset, modifier: NONE,
        x: 44, y: 4, fg: White, bg: Reset, underline: Reset, modifier: NONE,
        x: 1, y: 5, fg: Cyan, bg: Reset, underline: Reset, modifier: BOLD,
        x: 2, y: 5, fg: Reset, bg: Reset, underline: Reset, modifier: NONE,
        x: 4, y: 5, fg: LightMagenta, bg: Reset, underline: Reset, modifier: BOLD,
        x: 6, y: 5, fg: Green, bg: Reset, underline: Reset, modifier: BOLD,
        x: 11, y: 5, fg: Reset, bg: Reset, underline: Reset, modifier: NONE,
        x: 12, y: 5, fg: DarkGray, bg: Reset, underline: Reset, modifier: NONE,
        x: 20, y: 5, fg: Reset, bg: Reset, underline: Reset, modifier: NONE,
        x: 21, y: 5, fg: White, bg: Reset, underline: Reset, modifier: NONE,
        x: 29, y: 5, fg: Reset, bg: Reset, underline: Reset, modifier: NONE,
        x: 44, y: 5, fg: White, bg: Reset, underline: Reset, modifier: NONE,
        x: 1, y: 6, fg: Reset, bg: Reset, underline: Reset, modifier: NONE,
        x: 44, y: 6, fg: White, bg: Reset, underline: Reset, modifier: NONE,
        x: 1, y: 7, fg: Reset, bg: Reset, underline: Reset, modifier: NONE,
        x: 44, y: 7, fg: White, bg: Reset, underline: Reset, modifier: NONE,
        x: 1, y: 8, fg: Reset, bg: Reset, underline: Reset, modifier: NONE,
        x: 44, y: 8, fg: White, bg: Reset, underline: Reset, modifier: NONE,
        x: 1, y: 9, fg: Reset, bg: Reset, underline: Reset, modifier: NONE,
        x: 44, y: 9, fg: White, bg: Reset, underline: Reset, modifier: NONE,
        x: 1, y: 10, fg: Reset, bg: Reset, underline: Reset, modifier: NONE,
        x: 44, y: 10, fg: White, bg: Reset, underline: Reset, modifier: NONE,
        x: 1, y: 11, fg: Reset, bg: Reset, underline: Reset, modifier: NONE,
        x: 44, y: 11, fg: White, bg: Reset, underline: Reset, modifier: NONE,
        x: 1, y: 12, fg: Reset, bg: Reset, underline: Reset, modifier: NONE,
        x: 44, y: 12, fg: White, bg: Reset, underline: Reset, modifier: NONE,
        x: 1, y: 13, fg: Reset, bg: Reset, underline: Reset, modifier: NONE,
        x: 44, y: 13, fg: White, bg: Reset, underline: Reset, modifier: NONE,
        x: 1, y: 14, fg: Reset, bg: Reset, underline: Reset, modifier: NONE,
        x: 44, y: 14, fg: White, bg: Reset, underline: Reset, modifier: NONE,
    ]
}
