---
source: crates/atm/tests/ui_snapshots.rs
expression: buf
---
Buffer {
    area: Rect { x: 0, y: 0, width: 60, height: 20 },
    content: [
        "┌ Details ─────────────────────────────────────────────────┐",
        "│                                                          │",
        "│                                                          │",
        "│                                                          │",
        "│                                                          │",
        "│                                                          │",
        "│                                                          │",
        "│                                                          │",
        "│                                                          │",
        "│                                                          │",
        "│                                                          │",
        "│                                                          │",
        "│                                                          │",
        "│                                                          │",
        "│                                                          │",
        "│                                                          │",
        "│                                                          │",
        "│                                                          │",
        "│                                                          │",
        "└──────────────────────────────────────────────────────────┘",
    ],
    styles: [
        x: 0, y: 0, fg: DarkGray, bg: Reset, underline: Reset, modifier: NONE,
        x: 1, y: 1, fg: Reset, bg: Reset, underline: Reset, modifier: NONE,
        x: 59, y: 1, fg: DarkGray, bg: Reset, underline: Reset, modifier: NONE,
        x: 1, y: 2, fg: Reset, bg: Reset, underline: Reset, modifier: NONE,
        x: 59, y: 2, fg: DarkGray, bg: Reset, underline: Reset, modifier: NONE,
        x: 1, y: 3, fg: Reset, bg: Reset, underline: Reset, modifier: NONE,
        x: 59, y: 3, fg: DarkGray, bg: Reset, underline: Reset, modifier: NONE,
        x: 1, y: 4, fg: Reset, bg: Reset, underline: Reset, modifier: NONE,
        x: 59, y: 4, fg: DarkGray, bg: Reset, underline: Reset, modifier: NONE,
        x: 1, y: 5, fg: Reset, bg: Reset, underline: Reset, modifier: NONE,
        x: 59, y: 5, fg: DarkGray, bg: Reset, underline: Reset, modifier: NONE,
        x: 1, y: 6, fg: Reset, bg: Reset, underline: Reset, modifier: NONE,
        x: 59, y: 6, fg: DarkGray, bg: Reset, underline: Reset, modifier: NONE,
        x: 1, y: 7, fg: Reset, bg: Reset, underline: Reset, modifier: NONE,
        x: 59, y: 7, fg: DarkGray, bg: Reset, underline: Reset, modifier: NONE,
        x: 1, y: 8, fg: Reset, bg: Reset, underline: Reset, modifier: NONE,
        x: 59, y: 8, fg: DarkGray, bg: Reset, underline: Reset, modifier: NONE,
        x: 1, y: 9, fg: Reset, bg: Reset, underline: Reset, modifier: NONE,
        x: 59, y: 9, fg: DarkGray, bg: Reset, underline: Reset, modifier: NONE,
        x: 1, y: 10, fg: Reset, bg: Reset, underline: Reset, modifier: NONE,
        x: 59, y: 10, fg: DarkGray, bg: Reset, underline: Reset, modifier: NONE,
        x: 1, y: 11, fg: Reset, bg: Reset, underline: Reset, modifier: NONE,
        x: 59, y: 11, fg: DarkGray, bg: Reset, underline: Reset, modifier: NONE,
        x: 1, y: 12, fg: Reset, bg: Reset, underline: Reset, modifier: NONE,
        x: 59, y: 12, fg: DarkGray, bg: Reset, underline: Reset, modifier: NONE,
        x: 1, y: 13, fg: Reset, bg: Reset, underline: Reset, modifier: NONE,
        x: 59, y: 13, fg: DarkGray, bg: Reset, underline: Reset, modifier: NONE,
        x: 1, y: 14, fg: Reset, bg: Reset, underline: Reset, modifier: NONE,
        x: 59, y: 14, fg: DarkGray, bg: Reset, underline: Reset, modifier: NONE,
        x: 1, y: 15, fg: Reset, bg: Reset, underline: Reset, modifier: NONE,
        x: 59, y: 15, fg: DarkGray, bg: Reset, underline: Reset, modifier: NONE,
        x: 1, y: 16, fg: Reset, bg: Reset, underline: Reset, modifier: NONE,
        x: 59, y: 16, fg: DarkGray, bg: Reset, underline: Reset, modifier: NONE,
        x: 1, y: 17, fg: Reset, bg: Reset, underline: Reset, modifier: NONE,
        x: 59, y: 17, fg: DarkGray, bg: Reset, underline: Reset, modifier: NONE,
        x: 1, y: 18, fg: Reset, bg: Reset, underline: Reset, modifier: NONE,
        x: 59, y: 18, fg: DarkGray, bg: Reset, underline: Reset, modifier: NONE,
    ]
}
