---
source: crates/atm/tests/ui_snapshots.rs
expression: snap
---
"                                                                                                    "
"                                                                                                    "
"                                                                                                    "
"                                                                                                    "
"                                                                                                    "
"                                                                                                    "
"                    ┌ Help ────────────────────────────────────────────────────┐                    "
"                    │                                                          │                    "
"                    │  Navigation                                              │                    "
"                    │                                                          │                    "
"                    │    j / ↓       Move down                                 │                    "
"                    │    k / ↑       Move up                                   │                    "
"                    │    0 / gg      Go to top                                 │                    "
"                    │    G           Go to bottom                              │                    "
"                    │    Ctrl-d      Half page down                            │                    "
"                    │    Ctrl-u      Half page up                              │                    "
"                    │    Ngg         Go to row N                               │                    "
"                    │    Nj / Nk     Move N rows                               │                    "
"                    │                                                          │                    "
"                    │  Actions                                                 │                    "
"                    │                                                          │                    "
"                    │    Enter       Jump to session (leaf) / toggle fold (grou│                    "
"                    │    r           Rescan / refresh                          │                    "
"                    │    q           Quit                                      │                    "
"                    │    ?           Toggle this help                          │                    "
"                    │    Esc         Close help / quit                         │                    "
"                    │    Ctrl-c      Quit                                      │                    "
"                    │                                                          │                    "
"                    │  Navigation                                              │                    "
"                    │                                                          │                    "
"                    │    h / l       Expand collapsed group (open-only)        │                    "
"                    │    zc/zo/za    Close / Open / Toggle fold (vim)          │                    "
"                    │    zM / zR     Collapse all / Expand all folds           │                    "
"                    └──────────────────────────────────────────────────────────┘                    "
"                                                                                                    "
"                                                                                                    "
"                                                                                                    "
"                                                                                                    "
"                                                                                                    "
"                                                                                                    "
