---
source: crates/atm/tests/ui_snapshots.rs
expression: out
---
"┌ Details ─────────────────────────────────────────────────┐"
"│                                                          │"
"│                                                          │"
"│                                                          │"
"│                                                          │"
"│                                                          │"
"│                                                          │"
"│                                                          │"
"│                                                          │"
"│                                                          │"
"│                                                          │"
"│                                                          │"
"│                                                          │"
"│                                                          │"
"│                                                          │"
"│                                                          │"
"│                                                          │"
"│                                                          │"
"│                                                          │"
"└──────────────────────────────────────────────────────────┘"
